// Jest Snapshot v1, https://goo.gl/fbAQLP

exports[`Tests feed component should render a 'no tweets' text 1`] = `
<div
  className="mt-3 container"
>
  <p
    className="text-center"
    id="no-tweets-paragraph"
  >
    Você ainda não tem tweets
  </p>
</div>
`;

exports[`Tests feed component should render a loading feed 1`] = `
<div
  className="spinner-border"
  role="status"
>
  <span
    className="sr-only"
  >
    Carregando...
  </span>
</div>
`;

exports[`Tests feed component should render tweets list 1`] = `
Array [
  <div
    className="tweetDiv contentBlock"
  >
    <div
      className="tweetRow row no-gutters"
    >
      <div
        className="pt-2 col-1"
      >
        <img
          className="avatar img-fluid rounded-circle"
          src={Object {}}
        />
      </div>
      <div
        className="col-11"
      >
        <div
          className="tweetContentDiv"
          idtweet={1}
        >
          <div
            className="tweetContentRow row no-gutters"
          >
            <div
              className="col-md-11"
            >
              <div
                className="tweetAuthorDetailsDiv"
              >
                <span
                  className="spanUsername"
                >
                  anon
                </span>
                <span
                  className="spanNickname"
                >
                  @anon
                </span>
                <span
                  className="spanHifen"
                >
                  -
                </span>
                <span
                  className="spanTimeAgo"
                >
                  a few moments ago
                </span>
              </div>
            </div>
            <div
              className="text-center col-1"
            >
              <div
                className="dropdown"
                onKeyDown={[Function]}
              >
                <svg
                  aria-expanded={false}
                  aria-haspopup={true}
                  aria-hidden="true"
                  className="MuiSvgIcon-root dropdown-toggle"
                  focusable="false"
                  id="bg-vertical-dropdown-2"
                  onClick={[Function]}
                  role="presentation"
                  viewBox="0 0 24 24"
                >
                  <path
                    d="M16.59 8.59L12 13.17 7.41 8.59 6 10l6 6 6-6z"
                  />
                </svg>
              </div>
            </div>
          </div>
          <div
            className="tweetContentRow tweetMessageRow row"
          >
            Hello, testing
          </div>
          <div
            className="row no-gutters"
            id="tweetActionsRow"
          >
            <div
              className="col"
            >
              <button
                className="btn btn-light"
                disabled={false}
                type="button"
              >
                <svg
                  aria-hidden="true"
                  className="MuiSvgIcon-root"
                  focusable="false"
                  role="presentation"
                  viewBox="0 0 24 24"
                >
                  <path
                    d="M20 2H4c-1.1 0-2 .9-2 2v18l4-4h14c1.1 0 2-.9 2-2V4c0-1.1-.9-2-2-2zm0 14H6l-2 2V4h16v12z"
                  />
                </svg>
              </button>
            </div>
            <div
              className="col"
            >
              <button
                className="btn btn-light"
                disabled={false}
                type="button"
              >
                <svg
                  aria-hidden="true"
                  className="MuiSvgIcon-root"
                  focusable="false"
                  role="presentation"
                  viewBox="0 0 24 24"
                >
                  <path
                    d="M19 8l-4 4h3c0 3.31-2.69 6-6 6-1.01 0-1.97-.25-2.8-.7l-1.46 1.46C8.97 19.54 10.43 20 12 20c4.42 0 8-3.58 8-8h3l-4-4zM6 12c0-3.31 2.69-6 6-6 1.01 0 1.97.25 2.8.7l1.46-1.46C15.03 4.46 13.57 4 12 4c-4.42 0-8 3.58-8 8H1l4 4 4-4H6z"
                  />
                </svg>
              </button>
            </div>
            <div
              className="col"
            >
              <button
                className="favorite-button btn btn-light"
                disabled={false}
                onClick={[Function]}
                type="button"
              >
                <svg
                  aria-hidden="true"
                  className="MuiSvgIcon-root MuiSvgIcon-colorError"
                  focusable="false"
                  role="presentation"
                  viewBox="0 0 24 24"
                >
                  <path
                    d="M12 21.35l-1.45-1.32C5.4 15.36 2 12.28 2 8.5 2 5.42 4.42 3 7.5 3c1.74 0 3.41.81 4.5 2.09C13.09 3.81 14.76 3 16.5 3 19.58 3 22 5.42 22 8.5c0 3.78-3.4 6.86-8.55 11.54L12 21.35z"
                  />
                </svg>
              </button>
            </div>
            <div
              className="col"
            >
              <button
                className="btn btn-light"
                disabled={false}
                type="button"
              >
                <svg
                  aria-hidden="true"
                  className="MuiSvgIcon-root"
                  focusable="false"
                  role="presentation"
                  viewBox="0 0 24 24"
                >
                  <path
                    d="M18 16.08c-.76 0-1.44.3-1.96.77L8.91 12.7c.05-.23.09-.46.09-.7s-.04-.47-.09-.7l7.05-4.11c.54.5 1.25.81 2.04.81 1.66 0 3-1.34 3-3s-1.34-3-3-3-3 1.34-3 3c0 .24.04.47.09.7L8.04 9.81C7.5 9.31 6.79 9 6 9c-1.66 0-3 1.34-3 3s1.34 3 3 3c.79 0 1.5-.31 2.04-.81l7.12 4.16c-.05.21-.08.43-.08.65 0 1.61 1.31 2.92 2.92 2.92 1.61 0 2.92-1.31 2.92-2.92s-1.31-2.92-2.92-2.92z"
                  />
                </svg>
              </button>
            </div>
          </div>
        </div>
      </div>
    </div>
  </div>,
  <div
    className="tweetDiv contentBlock"
  >
    <div
      className="tweetRow row no-gutters"
    >
      <div
        className="pt-2 col-1"
      >
        <img
          className="avatar img-fluid rounded-circle"
          src={Object {}}
        />
      </div>
      <div
        className="col-11"
      >
        <div
          className="tweetContentDiv"
          idtweet={2}
        >
          <div
            className="tweetContentRow row no-gutters"
          >
            <div
              className="col-md-11"
            >
              <div
                className="tweetAuthorDetailsDiv"
              >
                <span
                  className="spanUsername"
                >
                  anon
                </span>
                <span
                  className="spanNickname"
                >
                  @anon
                </span>
                <span
                  className="spanHifen"
                >
                  -
                </span>
                <span
                  className="spanTimeAgo"
                >
                  a few moments ago
                </span>
              </div>
            </div>
            <div
              className="text-center col-1"
            >
              <div
                className="dropdown"
                onKeyDown={[Function]}
              >
                <svg
                  aria-expanded={false}
                  aria-haspopup={true}
                  aria-hidden="true"
                  className="MuiSvgIcon-root dropdown-toggle"
                  focusable="false"
                  id="bg-vertical-dropdown-2"
                  onClick={[Function]}
                  role="presentation"
                  viewBox="0 0 24 24"
                >
                  <path
                    d="M16.59 8.59L12 13.17 7.41 8.59 6 10l6 6 6-6z"
                  />
                </svg>
              </div>
            </div>
          </div>
          <div
            className="tweetContentRow tweetMessageRow row"
          >
            Hello, world
          </div>
          <div
            className="row no-gutters"
            id="tweetActionsRow"
          >
            <div
              className="col"
            >
              <button
                className="btn btn-light"
                disabled={false}
                type="button"
              >
                <svg
                  aria-hidden="true"
                  className="MuiSvgIcon-root"
                  focusable="false"
                  role="presentation"
                  viewBox="0 0 24 24"
                >
                  <path
                    d="M20 2H4c-1.1 0-2 .9-2 2v18l4-4h14c1.1 0 2-.9 2-2V4c0-1.1-.9-2-2-2zm0 14H6l-2 2V4h16v12z"
                  />
                </svg>
              </button>
            </div>
            <div
              className="col"
            >
              <button
                className="btn btn-light"
                disabled={false}
                type="button"
              >
                <svg
                  aria-hidden="true"
                  className="MuiSvgIcon-root"
                  focusable="false"
                  role="presentation"
                  viewBox="0 0 24 24"
                >
                  <path
                    d="M19 8l-4 4h3c0 3.31-2.69 6-6 6-1.01 0-1.97-.25-2.8-.7l-1.46 1.46C8.97 19.54 10.43 20 12 20c4.42 0 8-3.58 8-8h3l-4-4zM6 12c0-3.31 2.69-6 6-6 1.01 0 1.97.25 2.8.7l1.46-1.46C15.03 4.46 13.57 4 12 4c-4.42 0-8 3.58-8 8H1l4 4 4-4H6z"
                  />
                </svg>
              </button>
            </div>
            <div
              className="col"
            >
              <button
                className="favorite-button btn btn-light"
                disabled={false}
                onClick={[Function]}
                type="button"
              >
                <svg
                  aria-hidden="true"
                  className="MuiSvgIcon-root MuiSvgIcon-colorError"
                  focusable="false"
                  role="presentation"
                  viewBox="0 0 24 24"
                >
                  <path
                    d="M12 21.35l-1.45-1.32C5.4 15.36 2 12.28 2 8.5 2 5.42 4.42 3 7.5 3c1.74 0 3.41.81 4.5 2.09C13.09 3.81 14.76 3 16.5 3 19.58 3 22 5.42 22 8.5c0 3.78-3.4 6.86-8.55 11.54L12 21.35z"
                  />
                </svg>
              </button>
            </div>
            <div
              className="col"
            >
              <button
                className="btn btn-light"
                disabled={false}
                type="button"
              >
                <svg
                  aria-hidden="true"
                  className="MuiSvgIcon-root"
                  focusable="false"
                  role="presentation"
                  viewBox="0 0 24 24"
                >
                  <path
                    d="M18 16.08c-.76 0-1.44.3-1.96.77L8.91 12.7c.05-.23.09-.46.09-.7s-.04-.47-.09-.7l7.05-4.11c.54.5 1.25.81 2.04.81 1.66 0 3-1.34 3-3s-1.34-3-3-3-3 1.34-3 3c0 .24.04.47.09.7L8.04 9.81C7.5 9.31 6.79 9 6 9c-1.66 0-3 1.34-3 3s1.34 3 3 3c.79 0 1.5-.31 2.04-.81l7.12 4.16c-.05.21-.08.43-.08.65 0 1.61 1.31 2.92 2.92 2.92 1.61 0 2.92-1.31 2.92-2.92s-1.31-2.92-2.92-2.92z"
                  />
                </svg>
              </button>
            </div>
          </div>
        </div>
      </div>
    </div>
  </div>,
]
`;
